// Jest Snapshot v1, https://goo.gl/fbAQLP

exports[`PlacesSelect should render without suggestions 1`] = `
<div
  aria-expanded={false}
  aria-owns={null}
  className="MuiAutocomplete-root MuiAutocomplete-hasClearIcon MuiAutocomplete-hasPopupIcon"
  onClick={[Function]}
  onKeyDown={[Function]}
  onMouseDown={[Function]}
  role="combobox"
>
  <div
    className="MuiFormControl-root MuiTextField-root MuiFormControl-fullWidth"
  >
    <label
      className="MuiFormLabel-root MuiInputLabel-root MuiInputLabel-formControl MuiInputLabel-animated MuiInputLabel-filled"
      data-shrink={false}
      id="undefined-label"
    >
      Location
    </label>
    <div
      className="MuiInputBase-root MuiFilledInput-root makeStyles-input-7 MuiAutocomplete-inputRoot MuiInputBase-fullWidth MuiInputBase-formControl MuiInputBase-adornedEnd MuiFilledInput-adornedEnd makeStyles-adornedEnd-2"
      onClick={[Function]}
    >
      <input
        aria-activedescendant={null}
        aria-autocomplete="both"
        aria-controls={null}
        aria-invalid={false}
        autoCapitalize="none"
        autoComplete="off"
        autoFocus={false}
        className="MuiInputBase-input MuiFilledInput-input MuiAutocomplete-input MuiAutocomplete-inputFocused makeStyles-nativeInput-8 MuiInputBase-inputAdornedEnd MuiFilledInput-inputAdornedEnd"
        disabled={false}
        onAnimationStart={[Function]}
        onBlur={[Function]}
        onChange={[Function]}
        onFocus={[Function]}
        onMouseDown={[Function]}
        required={false}
        spellCheck="false"
        type="text"
        value=""
      />
      <div
        className="MuiInputAdornment-root makeStyles-chevronIcon-3 MuiInputAdornment-filled MuiInputAdornment-positionEnd"
      >
        <svg
          aria-hidden={true}
          className="MuiSvgIcon-root"
          focusable="false"
          viewBox="0 0 24 24"
        >
          <path
            d="M7.41 8.59L12 13.17l4.59-4.58L18 10l-6 6-6-6 1.41-1.41z"
          />
        </svg>
      </div>
    </div>
  </div>
</div>
`;
